
> kratos-platform@0.1.0 build
> next build

Γû▓ Next.js 16.2.0 (Turbopack)
- Environments: .env.local

  Creating an optimized production build ...
Γ£ô Compiled successfully in 6.8s
  Running TypeScript ...
  Finished TypeScript in 7.2s ...
  Collecting page data using 11 workers ...
  Generating static pages using 11 workers (0/20) ...
  Generating static pages using 11 workers (5/20) 
  Generating static pages using 11 workers (10/20) 
  Generating static pages using 11 workers (15/20) 
Γ£ô Generating static pages using 11 workers (20/20) in 2.7s
  Finalizing page optimization ...

Route (app)
Γöî Γùï /
Γö£ Γùï /_not-found
Γö£ Γùï /about
Γö£ ╞Æ /admin/checkin
Γö£ ╞Æ /admin/checkin/[id]
Γö£ ╞Æ /admin/checkin/user/[id]
Γö£ ╞Æ /admin/dashboard
Γö£ ╞Æ /admin/desk
Γö£ ╞Æ /admin/events
Γö£ ╞Æ /admin/organizers
Γö£ ╞Æ /admin/registrations
Γö£ ╞Æ /admin/results
Γö£ ╞Æ /admin/scanner
Γö£ ╞Æ /admin/schedule
Γö£ ╞Æ /admin/settings
Γö£ ╞Æ /admin/users
Γö£ ╞Æ /admin/verify/[id]
Γö£ ╞Æ /api/admin/export
Γö£ ╞Æ /api/admin/proofs
Γö£ ╞Æ /api/auth/[...nextauth]
Γö£ ╞Æ /api/presence
Γö£ ╞Æ /api/team/[id]/messages
Γö£ Γùï /auth/adminlogin
Γö£ Γùï /auth/adminregister
Γö£ Γùï /auth/login
Γö£ Γùï /auth/register
Γö£ Γùï /contact
Γö£ ╞Æ /dashboard
Γö£ ╞Æ /events
Γö£ ╞Æ /events/[slug]
Γö£ ╞Æ /events/[slug]/register
Γö£ ╞Æ /leaderboard
Γö£ Γùï /privacy
Γö£ ╞Æ /profile/complete
Γö£ Γùï /sponsorships
Γö£ ╞Æ /squads
Γöö Γùï /terms


╞Æ Proxy (Middleware)

Γùï  (Static)   prerendered as static content
╞Æ  (Dynamic)  server-rendered on demand

