Γû▓ Next.js 16.2.0 (Turbopack)
- Environments: .env.local

  Creating an optimized production build ...
Γ£ô Compiled successfully in 6.6s
  Running TypeScript ...
node.exe : Failed to type check.
At line:1 char:1
+ & "C:\Program Files\nodejs/node.exe" "C:\Program 
Files\nodejs/node_mo ...
+ ~~~~~~~~~~~~~~~~~~~~~~~~~~~~~~~~~~~~~~~~~~~~~~~~~~~~~~~~~~~~~~~~
~~~~~
    + CategoryInfo          : NotSpecified: (Failed to type check 
   .:String) [], RemoteException
    + FullyQualifiedErrorId : NativeCommandError
 

./scripts/migrate.ts:33:17
Type error: Argument of type 'string' is not assignable to 
parameter of type 'TemplateStringsArray'.

  [90m31 |[0m     [36mtry[0m {
  [90m32 |[0m       console.log([32m`Executing: 
[0m${trimmed.substring([35m0[0m, [35m50[0m)[32m}...`[0m);
[31m[1m>[0m [90m33 |[0m       [36mawait[0m sql(trimmed);
  [90m   |[0m                 [31m[1m^[0m
  [90m34 |[0m     } [36mcatch[0m (error) {
  [90m35 |[0m       console.error([32m'Statement failed:'[0m, 
trimmed);
  [90m36 |[0m       console.error(error);
Next.js build worker exited with code: 1 and signal: null
